Array
(
    [funcion] => Guardar_Venta
    [idclientes] => 1
    [total] => 10.3
    [efectivo] => 20
    [cambio] => 9.7
    [Detalle] => Array
        (
            [0] => Array
                (
                    [cantidad] => 1
                    [codigo_barras] => 12345678902
                    [id_productos] => 18
                    [precio] => 10.3
                )

        )

)
Array
(
    [funcion] => Guardar_Venta
    [idclientes] => 384
    [total] => 19.3
    [efectivo] => 20
    [cambio] => 0.7
    [Detalle] => Array
        (
            [0] => Array
                (
                    [cantidad] => 1
                    [codigo_barras] => 12345678906
                    [id_productos] => 22
                    [precio] => 19.3
                )

        )

)
Array
(
    [funcion] => Guardar_Venta
    [idclientes] => 4
    [total] => 83.75
    [efectivo] => 100
    [cambio] => 16.25
    [Detalle] => Array
        (
            [0] => Array
                (
                    [cantidad] => 1
                    [codigo_barras] => 12345678904
                    [id_productos] => 20
                    [precio] => 83.75
                )

        )

)
Array
(
    [funcion] => Guardar_Venta
    [idclientes] => 5
    [total] => 19.3
    [efectivo] => 100
    [cambio] => 80.7
    [Detalle] => Array
        (
            [0] => Array
                (
                    [cantidad] => 1
                    [codigo_barras] => 12345678906
                    [id_productos] => 22
                    [precio] => 19.3
                )

        )

)
Array
(
    [funcion] => Guardar_Venta
    [idclientes] => 392
    [total] => 114.62
    [efectivo] => 200
    [cambio] => 85.38
    [Detalle] => Array
        (
            [0] => Array
                (
                    [cantidad] => 1
                    [codigo_barras] => 123456789017
                    [id_productos] => 33
                    [precio] => 28.82
                )

            [1] => Array
                (
                    [cantidad] => 1
                    [codigo_barras] => 123456789021
                    [id_productos] => 37
                    [precio] => 50.8
                )

            [2] => Array
                (
                    [cantidad] => 1
                    [codigo_barras] => 132313
                    [id_productos] => 327
                    [precio] => 35
                )

        )

)
Array
(
    [funcion] => Guardar_Venta
    [idclientes] => 5
    [total] => 67.89
    [efectivo] => 200
    [cambio] => 132.11
    [Detalle] => Array
        (
            [0] => Array
                (
                    [cantidad] => 1
                    [codigo_barras] => 12345678908
                    [id_productos] => 24
                    [precio] => 67.89
                )

        )

)
Array
(
    [funcion] => Guardar_Venta
    [idclientes] => 4
    [total] => 58.61
    [efectivo] => 200
    [cambio] => 141.39
    [Detalle] => Array
        (
            [0] => Array
                (
                    [cantidad] => 1
                    [codigo_barras] => 12345678905
                    [id_productos] => 21
                    [precio] => 58.61
                )

        )

)
Array
(
    [funcion] => Guardar_Venta
    [idclientes] => 4
    [total] => 19.3
    [efectivo] => 100
    [cambio] => 80.7
    [Detalle] => Array
        (
            [0] => Array
                (
                    [cantidad] => 1
                    [codigo_barras] => 12345678906
                    [id_productos] => 22
                    [precio] => 19.3
                )

        )

)
Array
(
    [funcion] => Guardar_Venta
    [idclientes] => 4
    [total] => 19.3
    [efectivo] => 100
    [cambio] => 80.7
    [Detalle] => Array
        (
            [0] => Array
                (
                    [cantidad] => 1
                    [codigo_barras] => 12345678906
                    [id_productos] => 22
                    [precio] => 19.3
                )

        )

)
Array
(
    [funcion] => Guardar_Venta
    [idclientes] => 5
    [total] => 83.75
    [efectivo] => 100
    [cambio] => 16.25
    [Detalle] => Array
        (
            [0] => Array
                (
                    [cantidad] => 1
                    [codigo_barras] => 12345678904
                    [id_productos] => 20
                    [precio] => 83.75
                )

        )

)
Array
(
    [funcion] => Guardar_Venta
    [idclientes] => 4
    [total] => 351.66
    [efectivo] => 500
    [cambio] => 148.34
    [Detalle] => Array
        (
            [0] => Array
                (
                    [cantidad] => 6
                    [codigo_barras] => 12345678905
                    [id_productos] => 21
                    [precio] => 58.61
                )

        )

)
Array
(
    [funcion] => Guardar_Venta
    [idclientes] => 6
    [total] => 73.85
    [efectivo] => 100
    [cambio] => 26.15
    [Detalle] => Array
        (
            [0] => Array
                (
                    [cantidad] => 1
                    [codigo_barras] => 12345678907
                    [id_productos] => 23
                    [precio] => 73.85
                )

        )

)
Array
(
    [funcion] => Guardar_Venta
    [idclientes] => 6
    [total] => 67.89
    [efectivo] => 100
    [cambio] => 32.11
    [Detalle] => Array
        (
            [0] => Array
                (
                    [cantidad] => 1
                    [codigo_barras] => 12345678908
                    [id_productos] => 24
                    [precio] => 67.89
                )

        )

)
Array
(
    [funcion] => Guardar_Venta
    [idclientes] => 3
    [total] => 83.75
    [efectivo] => 100
    [cambio] => 16.25
    [Detalle] => Array
        (
            [0] => Array
                (
                    [cantidad] => 1
                    [codigo_barras] => 12345678904
                    [id_productos] => 20
                    [precio] => 83.75
                )

        )

)
Array
(
    [funcion] => Guardar_Venta
    [idclientes] => 4
    [total] => 45.26
    [efectivo] => 100
    [cambio] => 54.74
    [Detalle] => Array
        (
            [0] => Array
                (
                    [cantidad] => 1
                    [codigo_barras] => 12345678903
                    [id_productos] => 19
                    [precio] => 45.26
                )

        )

)
Array
(
    [funcion] => Guardar_Venta
    [idclientes] => 5
    [total] => 73.85
    [efectivo] => 99
    [cambio] => 25.15
    [Detalle] => Array
        (
            [0] => Array
                (
                    [cantidad] => 1
                    [codigo_barras] => 12345678907
                    [id_productos] => 23
                    [precio] => 73.85
                )

        )

)
Array
(
    [funcion] => Guardar_Venta
    [idclientes] => 5
    [total] => 19.3
    [efectivo] => 88
    [cambio] => 68.7
    [Detalle] => Array
        (
            [0] => Array
                (
                    [cantidad] => 1
                    [codigo_barras] => 12345678906
                    [id_productos] => 22
                    [precio] => 19.3
                )

        )

)
Array
(
    [funcion] => Guardar_Venta
    [idclientes] => 5
    [total] => 19.3
    [efectivo] => 55
    [cambio] => 35.7
    [Detalle] => Array
        (
            [0] => Array
                (
                    [cantidad] => 1
                    [codigo_barras] => 12345678906
                    [id_productos] => 22
                    [precio] => 19.3
                )

        )

)
Array
(
    [funcion] => Guardar_Venta
    [idclientes] => 6
    [total] => 73.85
    [efectivo] => 99
    [cambio] => 25.15
    [Detalle] => Array
        (
            [0] => Array
                (
                    [cantidad] => 1
                    [codigo_barras] => 12345678907
                    [id_productos] => 23
                    [precio] => 73.85
                )

        )

)
Array
(
    [funcion] => Guardar_Venta
    [idclientes] => 6
    [total] => 67.89
    [efectivo] => 99
    [cambio] => 31.11
    [Detalle] => Array
        (
            [0] => Array
                (
                    [cantidad] => 1
                    [codigo_barras] => 12345678908
                    [id_productos] => 24
                    [precio] => 67.89
                )

        )

)
Array
(
    [funcion] => Guardar_Venta
    [idclientes] => 5
    [total] => 58.61
    [efectivo] => 999
    [cambio] => 940.39
    [Detalle] => Array
        (
            [0] => Array
                (
                    [cantidad] => 1
                    [codigo_barras] => 12345678905
                    [id_productos] => 21
                    [precio] => 58.61
                )

        )

)
Array
(
    [funcion] => Guardar_Venta
    [idclientes] => 5
    [total] => 58.61
    [efectivo] => 999
    [cambio] => 940.39
    [Detalle] => Array
        (
            [0] => Array
                (
                    [cantidad] => 1
                    [codigo_barras] => 12345678905
                    [id_productos] => 21
                    [precio] => 58.61
                )

        )

)
Array
(
    [funcion] => Guardar_Venta
    [idclientes] => 5
    [total] => 58.61
    [efectivo] => 999
    [cambio] => 940.39
    [Detalle] => Array
        (
            [0] => Array
                (
                    [cantidad] => 1
                    [codigo_barras] => 12345678905
                    [id_productos] => 21
                    [precio] => 58.61
                )

        )

)
Array
(
    [funcion] => Guardar_Venta
    [idclientes] => 5
    [total] => 58.61
    [efectivo] => 999
    [cambio] => 940.39
    [Detalle] => Array
        (
            [0] => Array
                (
                    [cantidad] => 1
                    [codigo_barras] => 12345678905
                    [id_productos] => 21
                    [precio] => 58.61
                )

        )

)
Array
(
    [funcion] => Guardar_Venta
    [idclientes] => 5
    [total] => 58.61
    [efectivo] => 999
    [cambio] => 940.39
    [Detalle] => Array
        (
            [0] => Array
                (
                    [cantidad] => 1
                    [codigo_barras] => 12345678905
                    [id_productos] => 21
                    [precio] => 58.61
                )

        )

)
Array
(
    [funcion] => Guardar_Venta
    [idclientes] => 5
    [total] => 58.61
    [efectivo] => 999
    [cambio] => 940.39
    [Detalle] => Array
        (
            [0] => Array
                (
                    [cantidad] => 1
                    [codigo_barras] => 12345678905
                    [id_productos] => 21
                    [precio] => 58.61
                )

        )

)
Array
(
    [funcion] => Guardar_Venta
    [idclientes] => 4
    [total] => 58.61
    [efectivo] => 77
    [cambio] => 18.39
    [Detalle] => Array
        (
            [0] => Array
                (
                    [cantidad] => 1
                    [codigo_barras] => 12345678905
                    [id_productos] => 21
                    [precio] => 58.61
                )

        )

)
Array
(
    [funcion] => Guardar_Venta
    [idclientes] => 3
    [total] => 45.26
    [efectivo] => 500
    [cambio] => 454.74
    [Detalle] => Array
        (
            [0] => Array
                (
                    [cantidad] => 1
                    [codigo_barras] => 12345678903
                    [id_productos] => 19
                    [precio] => 45.26
                )

        )

)
Array
(
    [funcion] => Guardar_Venta
    [idclientes] => 3
    [total] => 133.65
    [efectivo] => 200
    [cambio] => 66.35
    [Detalle] => Array
        (
            [0] => Array
                (
                    [cantidad] => 1
                    [codigo_barras] => 12345678904
                    [id_productos] => 20
                    [precio] => 83.75
                )

            [1] => Array
                (
                    [cantidad] => 1
                    [codigo_barras] => 123456789010
                    [id_productos] => 26
                    [precio] => 49.9
                )

        )

)
Array
(
    [funcion] => Guardar_Venta
    [idclientes] => 4
    [total] => 83.75
    [efectivo] => 100
    [cambio] => 16.25
    [Detalle] => Array
        (
            [0] => Array
                (
                    [cantidad] => 1
                    [codigo_barras] => 12345678904
                    [id_productos] => 20
                    [precio] => 83.75
                )

        )

)
Array
(
    [funcion] => Guardar_Venta
    [idclientes] => 3
    [total] => 98.42
    [efectivo] => 100
    [cambio] => 1.58
    [Detalle] => Array
        (
            [0] => Array
                (
                    [cantidad] => 1
                    [codigo_barras] => 12345678905
                    [id_productos] => 21
                    [precio] => 58.61
                )

            [1] => Array
                (
                    [cantidad] => 1
                    [codigo_barras] => 12345678909
                    [id_productos] => 25
                    [precio] => 4.81
                )

            [2] => Array
                (
                    [cantidad] => 1
                    [codigo_barras] => 132313
                    [id_productos] => 327
                    [precio] => 35
                )

        )

)
Array
(
    [funcion] => Guardar_Venta
    [idclientes] => 3
    [total] => 76.87
    [efectivo] => 100
    [cambio] => 23.13
    [Detalle] => Array
        (
            [0] => Array
                (
                    [cantidad] => 1
                    [codigo_barras] => 12345678906
                    [id_productos] => 22
                    [precio] => 19.3
                )

            [1] => Array
                (
                    [cantidad] => 1
                    [codigo_barras] => 123456789015
                    [id_productos] => 31
                    [precio] => 57.57
                )

        )

)
Array
(
    [funcion] => Guardar_Venta
    [idclientes] => 325
    [total] => 142.81
    [efectivo] => 200
    [cambio] => 57.19
    [Detalle] => Array
        (
            [0] => Array
                (
                    [cantidad] => 1
                    [codigo_barras] => 12345678904
                    [id_productos] => 20
                    [precio] => 83.75
                )

            [1] => Array
                (
                    [cantidad] => 1
                    [codigo_barras] => 123456789039
                    [id_productos] => 55
                    [precio] => 59.06
                )

        )

)
Array
(
    [funcion] => Guardar_Venta
    [idclientes] => 338
    [total] => 136.29
    [efectivo] => 200
    [cambio] => 63.71
    [Detalle] => Array
        (
            [0] => Array
                (
                    [cantidad] => 1
                    [codigo_barras] => 12345678905
                    [id_productos] => 21
                    [precio] => 58.61
                )

            [1] => Array
                (
                    [cantidad] => 1
                    [codigo_barras] => 123456789012
                    [id_productos] => 28
                    [precio] => 77.68
                )

        )

)
Array
(
    [funcion] => Guardar_Venta
    [idclientes] => 5
    [total] => 49.9
    [efectivo] => 50
    [cambio] => 0.1
    [Detalle] => Array
        (
            [0] => Array
                (
                    [cantidad] => 1
                    [codigo_barras] => 123456789010
                    [id_productos] => 26
                    [precio] => 49.9
                )

        )

)
Array
(
    [funcion] => Guardar_Venta
    [idclientes] => 4
    [total] => 475.25
    [efectivo] => 500
    [cambio] => 24.75
    [Detalle] => Array
        (
            [0] => Array
                (
                    [cantidad] => 1
                    [codigo_barras] => 12345678906
                    [id_productos] => 22
                    [precio] => 19.3
                )

            [1] => Array
                (
                    [cantidad] => 1
                    [codigo_barras] => 1234567890126
                    [id_productos] => 142
                    [precio] => 16.6
                )

            [2] => Array
                (
                    [cantidad] => 5
                    [codigo_barras] => 12345678904
                    [id_productos] => 20
                    [precio] => 83.75
                )

            [3] => Array
                (
                    [cantidad] => 2
                    [codigo_barras] => 12345678902
                    [id_productos] => 18
                    [precio] => 10.3
                )

        )

)
Array
(
    [funcion] => Guardar_Venta
    [idclientes] => 5
    [total] => 171.49
    [efectivo] => 200
    [cambio] => 28.51
    [Detalle] => Array
        (
            [0] => Array
                (
                    [cantidad] => 2
                    [codigo_barras] => 12345678903
                    [id_productos] => 19
                    [precio] => 45.26
                )

            [1] => Array
                (
                    [cantidad] => 1
                    [codigo_barras] => 12345678909
                    [id_productos] => 25
                    [precio] => 4.81
                )

            [2] => Array
                (
                    [cantidad] => 1
                    [codigo_barras] => 123456789041
                    [id_productos] => 57
                    [precio] => 76.16
                )

        )

)
Array
(
    [funcion] => Guardar_Venta
    [idclientes] => 5
    [total] => 19.3
    [efectivo] => 100
    [cambio] => 80.7
    [Detalle] => Array
        (
            [0] => Array
                (
                    [cantidad] => 1
                    [codigo_barras] => 12345678906
                    [id_productos] => 22
                    [precio] => 19.3
                )

        )

)
Array
(
    [funcion] => Guardar_Venta
    [idclientes] => 4
    [total] => 73.85
    [efectivo] => 100
    [cambio] => 26.15
    [Detalle] => Array
        (
            [0] => Array
                (
                    [cantidad] => 1
                    [codigo_barras] => 12345678907
                    [id_productos] => 23
                    [precio] => 73.85
                )

        )

)
Array
(
    [funcion] => Guardar_Venta
    [idclientes] => 10
    [total] => 19.3
    [efectivo] => 100
    [cambio] => 80.7
    [Detalle] => Array
        (
            [0] => Array
                (
                    [cantidad] => 1
                    [codigo_barras] => 12345678906
                    [id_productos] => 22
                    [precio] => 19.3
                )

        )

)
Array
(
    [funcion] => Guardar_Venta
    [idclientes] => 5
    [total] => 83.75
    [efectivo] => 200
    [cambio] => 116.25
    [Detalle] => Array
        (
            [0] => Array
                (
                    [cantidad] => 1
                    [codigo_barras] => 12345678904
                    [id_productos] => 20
                    [precio] => 83.75
                )

        )

)
Array
(
    [funcion] => Guardar_Venta
    [idclientes] => 3
    [total] => 58.61
    [efectivo] => 100
    [cambio] => 41.39
    [Detalle] => Array
        (
            [0] => Array
                (
                    [cantidad] => 1
                    [codigo_barras] => 12345678905
                    [id_productos] => 21
                    [precio] => 58.61
                )

        )

)
Array
(
    [funcion] => Guardar_Venta
    [idclientes] => 2
    [total] => 4.81
    [efectivo] => 100
    [cambio] => 95.19
    [Detalle] => Array
        (
            [0] => Array
                (
                    [cantidad] => 1
                    [codigo_barras] => 12345678909
                    [id_productos] => 25
                    [precio] => 4.81
                )

        )

)
Array
(
    [funcion] => Guardar_Venta
    [idclientes] => 4
    [total] => 83.75
    [efectivo] => 100
    [cambio] => 16.25
    [Detalle] => Array
        (
            [0] => Array
                (
                    [cantidad] => 1
                    [codigo_barras] => 12345678904
                    [id_productos] => 20
                    [precio] => 83.75
                )

        )

)
Array
(
    [funcion] => Guardar_Venta
    [idclientes] => 3
    [total] => 83.75
    [efectivo] => 100
    [cambio] => 16.25
    [Detalle] => Array
        (
            [0] => Array
                (
                    [cantidad] => 1
                    [codigo_barras] => 12345678904
                    [id_productos] => 20
                    [precio] => 83.75
                )

        )

)
Array
(
    [funcion] => Guardar_Venta
    [idclientes] => 4
    [total] => 83.75
    [efectivo] => 100
    [cambio] => 16.25
    [Detalle] => Array
        (
            [0] => Array
                (
                    [cantidad] => 1
                    [codigo_barras] => 12345678904
                    [id_productos] => 20
                    [precio] => 83.75
                )

        )

)
Array
(
    [funcion] => Guardar_Venta
    [idclientes] => 6
    [total] => 19.3
    [efectivo] => 20
    [cambio] => 0.7
    [Detalle] => Array
        (
            [0] => Array
                (
                    [cantidad] => 1
                    [codigo_barras] => 12345678906
                    [id_productos] => 22
                    [precio] => 19.3
                )

        )

)
Array
(
    [funcion] => Guardar_Venta
    [idclientes] => 2
    [total] => 73.85
    [efectivo] => 100
    [cambio] => 26.15
    [Detalle] => Array
        (
            [0] => Array
                (
                    [cantidad] => 1
                    [codigo_barras] => 12345678907
                    [id_productos] => 23
                    [precio] => 73.85
                )

        )

)
Array
(
    [funcion] => Guardar_Venta
    [idclientes] => 4
    [total] => 58.61
    [efectivo] => 100
    [cambio] => 41.39
    [Detalle] => Array
        (
            [0] => Array
                (
                    [cantidad] => 1
                    [codigo_barras] => 12345678905
                    [id_productos] => 21
                    [precio] => 58.61
                )

        )

)
Array
(
    [funcion] => Guardar_Venta
    [idclientes] => 6
    [total] => 73.85
    [efectivo] => 100
    [cambio] => 26.15
    [Detalle] => Array
        (
            [0] => Array
                (
                    [cantidad] => 1
                    [codigo_barras] => 12345678907
                    [id_productos] => 23
                    [precio] => 73.85
                )

        )

)
Array
(
    [funcion] => Guardar_Venta
    [idclientes] => 8
    [total] => 19.3
    [efectivo] => 20
    [cambio] => 0.7
    [Detalle] => Array
        (
            [0] => Array
                (
                    [cantidad] => 1
                    [codigo_barras] => 12345678906
                    [id_productos] => 22
                    [precio] => 19.3
                )

        )

)
Array
(
    [funcion] => Guardar_Venta
    [idclientes] => 4
    [total] => 19.3
    [efectivo] => 100
    [cambio] => 80.7
    [Detalle] => Array
        (
            [0] => Array
                (
                    [cantidad] => 1
                    [codigo_barras] => 12345678906
                    [id_productos] => 22
                    [precio] => 19.3
                )

        )

)
Array
(
    [funcion] => Guardar_Venta
    [idclientes] => 6
    [total] => 73.85
    [efectivo] => 100
    [cambio] => 26.15
    [Detalle] => Array
        (
            [0] => Array
                (
                    [cantidad] => 1
                    [codigo_barras] => 12345678907
                    [id_productos] => 23
                    [precio] => 73.85
                )

        )

)
Array
(
    [funcion] => Guardar_Venta
    [idclientes] => 5
    [total] => 67.89
    [efectivo] => 100
    [cambio] => 32.11
    [Detalle] => Array
        (
            [0] => Array
                (
                    [cantidad] => 1
                    [codigo_barras] => 12345678908
                    [id_productos] => 24
                    [precio] => 67.89
                )

        )

)
Array
(
    [funcion] => Guardar_Venta
    [idclientes] => 7
    [total] => 26
    [efectivo] => 30
    [cambio] => 4
    [Detalle] => Array
        (
            [0] => Array
                (
                    [cantidad] => 1
                    [codigo_barras] => 123456789011
                    [id_productos] => 27
                    [precio] => 26
                )

        )

)
Array
(
    [funcion] => Guardar_Venta
    [idclientes] => 7
    [total] => 4.81
    [efectivo] => 6
    [cambio] => 1.19
    [Detalle] => Array
        (
            [0] => Array
                (
                    [cantidad] => 1
                    [codigo_barras] => 12345678909
                    [id_productos] => 25
                    [precio] => 4.81
                )

        )

)
Array
(
    [funcion] => Guardar_Venta
    [idclientes] => 5
    [total] => 58.61
    [efectivo] => 100
    [cambio] => 41.39
    [Detalle] => Array
        (
            [0] => Array
                (
                    [cantidad] => 1
                    [codigo_barras] => 12345678905
                    [id_productos] => 21
                    [precio] => 58.61
                )

        )

)
Array
(
    [funcion] => Guardar_Venta
    [idclientes] => 4
    [total] => 73.85
    [efectivo] => 100
    [cambio] => 26.15
    [Detalle] => Array
        (
            [0] => Array
                (
                    [cantidad] => 1
                    [codigo_barras] => 12345678907
                    [id_productos] => 23
                    [precio] => 73.85
                )

        )

)
Array
(
    [funcion] => Guardar_Venta
    [idclientes] => 4
    [total] => 67.89
    [efectivo] => 100
    [cambio] => 32.11
    [Detalle] => Array
        (
            [0] => Array
                (
                    [cantidad] => 1
                    [codigo_barras] => 12345678908
                    [id_productos] => 24
                    [precio] => 67.89
                )

        )

)
Array
(
    [funcion] => Guardar_Venta
    [idclientes] => 3
    [total] => 73.85
    [efectivo] => 100
    [cambio] => 26.15
    [Detalle] => Array
        (
            [0] => Array
                (
                    [cantidad] => 1
                    [codigo_barras] => 12345678907
                    [id_productos] => 23
                    [precio] => 73.85
                )

        )

)
Array
(
    [funcion] => Guardar_Venta
    [idclientes] => 2
    [total] => 73.85
    [efectivo] => 100
    [cambio] => 26.15
    [Detalle] => Array
        (
            [0] => Array
                (
                    [cantidad] => 1
                    [codigo_barras] => 12345678907
                    [id_productos] => 23
                    [precio] => 73.85
                )

        )

)
Array
(
    [funcion] => Guardar_Venta
    [idclientes] => 4
    [total] => 58.61
    [efectivo] => 100
    [cambio] => 41.39
    [Detalle] => Array
        (
            [0] => Array
                (
                    [cantidad] => 1
                    [codigo_barras] => 12345678905
                    [id_productos] => 21
                    [precio] => 58.61
                )

        )

)
Array
(
    [funcion] => Guardar_Venta
    [idclientes] => 3
    [total] => 58.61
    [efectivo] => 100
    [cambio] => 41.39
    [Detalle] => Array
        (
            [0] => Array
                (
                    [cantidad] => 1
                    [codigo_barras] => 12345678905
                    [id_productos] => 21
                    [precio] => 58.61
                )

        )

)
Array
(
    [funcion] => Guardar_Venta
    [idclientes] => 4
    [total] => 73.85
    [efectivo] => 100
    [cambio] => 26.15
    [Detalle] => Array
        (
            [0] => Array
                (
                    [cantidad] => 1
                    [codigo_barras] => 12345678907
                    [id_productos] => 23
                    [precio] => 73.85
                )

        )

)
Array
(
    [funcion] => Guardar_Venta
    [idclientes] => 4
    [total] => 58.61
    [efectivo] => 100
    [cambio] => 41.39
    [Detalle] => Array
        (
            [0] => Array
                (
                    [cantidad] => 1
                    [codigo_barras] => 12345678905
                    [id_productos] => 21
                    [precio] => 58.61
                )

        )

)
Array
(
    [funcion] => Guardar_Venta
    [idclientes] => 4
    [total] => 58.61
    [efectivo] => 100
    [cambio] => 41.39
    [Detalle] => Array
        (
            [0] => Array
                (
                    [cantidad] => 1
                    [codigo_barras] => 12345678905
                    [id_productos] => 21
                    [precio] => 58.61
                )

        )

)
Array
(
    [funcion] => Guardar_Venta
    [idclientes] => 4
    [total] => 83.75
    [efectivo] => 100
    [cambio] => 16.25
    [Detalle] => Array
        (
            [0] => Array
                (
                    [cantidad] => 1
                    [codigo_barras] => 12345678904
                    [id_productos] => 20
                    [precio] => 83.75
                )

        )

)
Array
(
    [funcion] => Guardar_Venta
    [idclientes] => 4
    [total] => 19.3
    [efectivo] => 20
    [cambio] => 0.7
    [Detalle] => Array
        (
            [0] => Array
                (
                    [cantidad] => 1
                    [codigo_barras] => 12345678906
                    [id_productos] => 22
                    [precio] => 19.3
                )

        )

)
Array
(
    [funcion] => Guardar_Venta
    [idclientes] => 3
    [total] => 19.3
    [efectivo] => 100
    [cambio] => 80.7
    [Detalle] => Array
        (
            [0] => Array
                (
                    [cantidad] => 1
                    [codigo_barras] => 12345678906
                    [id_productos] => 22
                    [precio] => 19.3
                )

        )

)
Array
(
    [funcion] => Guardar_Venta
    [idclientes] => 4
    [total] => 83.75
    [efectivo] => 100
    [cambio] => 16.25
    [Detalle] => Array
        (
            [0] => Array
                (
                    [cantidad] => 1
                    [codigo_barras] => 12345678904
                    [id_productos] => 20
                    [precio] => 83.75
                )

        )

)
Array
(
    [funcion] => Guardar_Venta
    [idclientes] => 4
    [total] => 19.3
    [efectivo] => 100
    [cambio] => 80.7
    [Detalle] => Array
        (
            [0] => Array
                (
                    [cantidad] => 1
                    [codigo_barras] => 12345678906
                    [id_productos] => 22
                    [precio] => 19.3
                )

        )

)
Array
(
    [funcion] => Guardar_Venta
    [idclientes] => 4
    [total] => 73.85
    [efectivo] => 100
    [cambio] => 26.15
    [Detalle] => Array
        (
            [0] => Array
                (
                    [cantidad] => 1
                    [codigo_barras] => 12345678907
                    [id_productos] => 23
                    [precio] => 73.85
                )

        )

)
Array
(
    [funcion] => Guardar_Venta
    [idclientes] => 4
    [total] => 19.3
    [efectivo] => 100
    [cambio] => 80.7
    [Detalle] => Array
        (
            [0] => Array
                (
                    [cantidad] => 1
                    [codigo_barras] => 12345678906
                    [id_productos] => 22
                    [precio] => 19.3
                )

        )

)
Array
(
    [funcion] => Guardar_Venta
    [idclientes] => 4
    [total] => 83.75
    [efectivo] => 100
    [cambio] => 16.25
    [Detalle] => Array
        (
            [0] => Array
                (
                    [cantidad] => 1
                    [codigo_barras] => 12345678904
                    [id_productos] => 20
                    [precio] => 83.75
                )

        )

)
Array
(
    [funcion] => Guardar_Venta
    [idclientes] => 4
    [total] => 19.3
    [efectivo] => 20
    [cambio] => 0.7
    [Detalle] => Array
        (
            [0] => Array
                (
                    [cantidad] => 1
                    [codigo_barras] => 12345678906
                    [id_productos] => 22
                    [precio] => 19.3
                )

        )

)
Array
(
    [funcion] => Guardar_Venta
    [idclientes] => 4
    [total] => 58.61
    [efectivo] => 58.61
    [cambio] => 0
    [Detalle] => Array
        (
            [0] => Array
                (
                    [cantidad] => 1
                    [codigo_barras] => 12345678905
                    [id_productos] => 21
                    [precio] => 58.61
                )

        )

)
Array
(
    [funcion] => Guardar_Venta
    [idclientes] => 6
    [total] => 83.75
    [efectivo] => 100
    [cambio] => 16.25
    [Detalle] => Array
        (
            [0] => Array
                (
                    [cantidad] => 1
                    [codigo_barras] => 12345678904
                    [id_productos] => 20
                    [precio] => 83.75
                )

        )

)
Array
(
    [funcion] => Guardar_Venta
    [idclientes] => 5
    [total] => 84.01
    [efectivo] => 100
    [cambio] => 15.99
    [Detalle] => Array
        (
            [0] => Array
                (
                    [cantidad] => 1
                    [codigo_barras] => 12345678908
                    [id_productos] => 24
                    [precio] => 67.89
                )

            [1] => Array
                (
                    [cantidad] => 1
                    [codigo_barras] => 123456789014
                    [id_productos] => 30
                    [precio] => 16.12
                )

        )

)
Array
(
    [funcion] => Guardar_Venta
    [idclientes] => 5
    [total] => 19.3
    [efectivo] => 20
    [cambio] => 0.7
    [Detalle] => Array
        (
            [0] => Array
                (
                    [cantidad] => 1
                    [codigo_barras] => 12345678906
                    [id_productos] => 22
                    [precio] => 19.3
                )

        )

)
Array
(
    [funcion] => Guardar_Venta
    [idclientes] => 5
    [total] => 57.22
    [efectivo] => 100
    [cambio] => 42.78
    [Detalle] => Array
        (
            [0] => Array
                (
                    [cantidad] => 1
                    [codigo_barras] => 12345678906
                    [id_productos] => 22
                    [precio] => 19.3
                )

            [1] => Array
                (
                    [cantidad] => 1
                    [codigo_barras] => 123456789013
                    [id_productos] => 29
                    [precio] => 37.92
                )

        )

)
Array
(
    [funcion] => Guardar_Venta
    [idclientes] => 4
    [total] => 83.75
    [efectivo] => 100
    [cambio] => 16.25
    [Detalle] => Array
        (
            [0] => Array
                (
                    [cantidad] => 1
                    [codigo_barras] => 12345678904
                    [id_productos] => 20
                    [precio] => 83.75
                )

        )

)
Array
(
    [funcion] => Guardar_Venta
    [idclientes] => 4
    [total] => 216.36
    [efectivo] => 300
    [cambio] => 83.64
    [Detalle] => Array
        (
            [0] => Array
                (
                    [cantidad] => 2
                    [codigo_barras] => 12345678904
                    [id_productos] => 20
                    [precio] => 83.75
                )

            [1] => Array
                (
                    [cantidad] => 1
                    [codigo_barras] => 123456789060
                    [id_productos] => 76
                    [precio] => 48.86
                )

        )

)
Array
(
    [funcion] => Guardar_Venta
    [idclientes] => 3
    [total] => 19.3
    [efectivo] => 20
    [cambio] => 0.7
    [Detalle] => Array
        (
            [0] => Array
                (
                    [cantidad] => 1
                    [codigo_barras] => 12345678906
                    [id_productos] => 22
                    [precio] => 19.3
                )

        )

)
Array
(
    [funcion] => Guardar_Venta
    [idclientes] => 4
    [total] => 19.3
    [efectivo] => 200
    [cambio] => 180.7
    [Detalle] => Array
        (
            [0] => Array
                (
                    [cantidad] => 1
                    [codigo_barras] => 12345678906
                    [id_productos] => 22
                    [precio] => 19.3
                )

        )

)
Array
(
    [funcion] => Guardar_Venta
    [idclientes] => 5
    [total] => 60.2
    [efectivo] => 100
    [cambio] => 39.8
    [Detalle] => Array
        (
            [0] => Array
                (
                    [cantidad] => 1
                    [codigo_barras] => 12345678902
                    [id_productos] => 18
                    [precio] => 10.3
                )

            [1] => Array
                (
                    [cantidad] => 1
                    [codigo_barras] => 123456789010
                    [id_productos] => 26
                    [precio] => 49.9
                )

        )

)
Array
(
    [funcion] => Guardar_Venta
    [id_clientes] => 3
    [total] => 58.61
    [efectivo] => 100
    [cambio] => 41.39
    [Detalle] => Array
        (
            [0] => Array
                (
                    [cantidad] => 1
                    [codigo_barras] => 12345678905
                    [id_productos] => 21
                    [precio] => 58.61
                )

        )

)
Array
(
    [funcion] => Guardar_Venta
    [id_cliente] => 5
    [total] => 84.61
    [efectivo] => 100
    [cambio] => 15.39
    [Detalle] => Array
        (
            [0] => Array
                (
                    [cantidad] => 1
                    [codigo_barras] => 12345678905
                    [id_productos] => 21
                    [precio] => 58.61
                )

            [1] => Array
                (
                    [cantidad] => 1
                    [codigo_barras] => 123456789011
                    [id_productos] => 27
                    [precio] => 26
                )

        )

)
Array
(
    [funcion] => Guardar_Venta
    [idclientes] => 2
    [total] => 83.75
    [efectivo] => 100
    [cambio] => 16.25
    [Detalle] => Array
        (
            [0] => Array
                (
                    [cantidad] => 1
                    [codigo_barras] => 12345678904
                    [id_productos] => 20
                    [precio] => 83.75
                )

        )

)
Array
(
    [funcion] => Guardar_Venta
    [idclientes] => 332
    [total] => 45.26
    [efectivo] => 100
    [cambio] => 54.74
    [Detalle] => Array
        (
            [0] => Array
                (
                    [cantidad] => 1
                    [codigo_barras] => 12345678903
                    [id_productos] => 19
                    [precio] => 45.26
                )

        )

)
Array
(
    [funcion] => Guardar_Venta
    [idclientes] => 3
    [total] => 83.75
    [efectivo] => 100
    [cambio] => 16.25
    [Detalle] => Array
        (
            [0] => Array
                (
                    [cantidad] => 1
                    [codigo_barras] => 12345678904
                    [id_productos] => 20
                    [precio] => 83.75
                )

        )

)
Array
(
    [funcion] => Guardar_Venta
    [idclientes] => 8
    [total] => 19.3
    [efectivo] => 100
    [cambio] => 80.7
    [Detalle] => Array
        (
            [0] => Array
                (
                    [cantidad] => 1
                    [codigo_barras] => 12345678906
                    [id_productos] => 22
                    [precio] => 19.3
                )

        )

)
Array
(
    [funcion] => Guardar_Venta
    [idclientes] => 332
    [total] => 45.26
    [efectivo] => 50
    [cambio] => 4.74
    [Detalle] => Array
        (
            [0] => Array
                (
                    [cantidad] => 1
                    [codigo_barras] => 12345678903
                    [id_productos] => 19
                    [precio] => 45.26
                )

        )

)
Array
(
    [funcion] => Guardar_Venta
    [idclientes] => 332
    [total] => 58.61
    [efectivo] => 100
    [cambio] => 41.39
    [Detalle] => Array
        (
            [0] => Array
                (
                    [cantidad] => 1
                    [codigo_barras] => 12345678905
                    [id_productos] => 21
                    [precio] => 58.61
                )

        )

)
Array
(
    [funcion] => Guardar_Venta
    [idclientes] => 572
    [total] => 148.15
    [efectivo] => 200
    [cambio] => 51.85
    [Detalle] => Array
        (
            [0] => Array
                (
                    [cantidad] => 1
                    [codigo_barras] => 12345678903
                    [id_productos] => 19
                    [precio] => 45.26
                )

            [1] => Array
                (
                    [cantidad] => 1
                    [codigo_barras] => 12345678908
                    [id_productos] => 24
                    [precio] => 67.89
                )

            [2] => Array
                (
                    [cantidad] => 1
                    [codigo_barras] => 132313
                    [id_productos] => 327
                    [precio] => 35
                )

        )

)
Array
(
    [funcion] => Guardar_Venta
    [idclientes] => 385
    [total] => 142.75
    [efectivo] => 200
    [cambio] => 57.25
    [Detalle] => Array
        (
            [0] => Array
                (
                    [cantidad] => 1
                    [codigo_barras] => 12345678903
                    [id_productos] => 19
                    [precio] => 45.26
                )

            [1] => Array
                (
                    [cantidad] => 1
                    [codigo_barras] => 12345678906
                    [id_productos] => 22
                    [precio] => 19.3
                )

            [2] => Array
                (
                    [cantidad] => 1
                    [codigo_barras] => 12345678908
                    [id_productos] => 24
                    [precio] => 67.89
                )

            [3] => Array
                (
                    [cantidad] => 1
                    [codigo_barras] => 12345678902
                    [id_productos] => 18
                    [precio] => 10.3
                )

        )

)
Array
(
    [funcion] => Guardar_Venta
    [idclientes] => 2
    [total] => 58.61
    [efectivo] => 100
    [cambio] => 41.39
    [Detalle] => Array
        (
            [0] => Array
                (
                    [cantidad] => 1
                    [codigo_barras] => 12345678905
                    [id_productos] => 21
                    [precio] => 58.61
                )

        )

)
Array
(
    [funcion] => Guardar_Venta
    [idclientes] => 5
    [total] => 895.49
    [efectivo] => 1000
    [cambio] => 326.06
    [Detalle] => Array
        (
            [0] => Array
                (
                    [cantidad] => 4
                    [codigo_barras] => 12345678907
                    [id_productos] => 23
                    [precio] => 73.85
                )

            [1] => Array
                (
                    [cantidad] => 1
                    [codigo_barras] => 12345678909
                    [id_productos] => 25
                    [precio] => 4.81
                )

            [2] => Array
                (
                    [cantidad] => 1
                    [codigo_barras] => 123456789017
                    [id_productos] => 33
                    [precio] => 28.82
                )

            [3] => Array
                (
                    [cantidad] => 1
                    [codigo_barras] => 123456789053
                    [id_productos] => 69
                    [precio] => 62.78
                )

            [4] => Array
                (
                    [cantidad] => 1
                    [codigo_barras] => 123456789031
                    [id_productos] => 47
                    [precio] => 42.4
                )

            [5] => Array
                (
                    [cantidad] => 16
                    [codigo_barras] => 123456789018
                    [id_productos] => 34
                    [precio] => 28.83
                )

        )

)
Array
(
    [funcion] => Guardar_Venta
    [idclientes] => 452
    [total] => 103.59
    [efectivo] => 200
    [cambio] => 96.41
    [Detalle] => Array
        (
            [0] => Array
                (
                    [cantidad] => 1
                    [codigo_barras] => 12345678905
                    [id_productos] => 21
                    [precio] => 58.61
                )

            [1] => Array
                (
                    [cantidad] => 6
                    [codigo_barras] => 12345678909
                    [id_productos] => 25
                    [precio] => 4.81
                )

            [2] => Array
                (
                    [cantidad] => 1
                    [codigo_barras] => 123456789014
                    [id_productos] => 30
                    [precio] => 16.12
                )

        )

)
Array
(
    [funcion] => Guardar_Venta
    [idclientes] => 328
    [total] => 45.3
    [efectivo] => 50
    [cambio] => 4.7
    [Detalle] => Array
        (
            [0] => Array
                (
                    [cantidad] => 1
                    [codigo_barras] => 12345678906
                    [id_productos] => 22
                    [precio] => 19.3
                )

            [1] => Array
                (
                    [cantidad] => 1
                    [codigo_barras] => 123456789011
                    [id_productos] => 27
                    [precio] => 26
                )

        )

)
Array
(
    [funcion] => Guardar_Venta
    [idclientes] => 3
    [total] => 145.57
    [efectivo] => 200
    [cambio] => 54.43
    [Detalle] => Array
        (
            [0] => Array
                (
                    [cantidad] => 1
                    [codigo_barras] => 12345678908
                    [id_productos] => 24
                    [precio] => 67.89
                )

            [1] => Array
                (
                    [cantidad] => 1
                    [codigo_barras] => 123456789012
                    [id_productos] => 28
                    [precio] => 77.68
                )

        )

)
Array
(
    [funcion] => Guardar_Venta
    [idclientes] => 6
    [total] => 253.51
    [efectivo] => 300
    [cambio] => 46.49
    [Detalle] => Array
        (
            [0] => Array
                (
                    [cantidad] => 3
                    [codigo_barras] => 12345678905
                    [id_productos] => 21
                    [precio] => 58.61
                )

            [1] => Array
                (
                    [cantidad] => 1
                    [codigo_barras] => 123456789012
                    [id_productos] => 28
                    [precio] => 77.68
                )

        )

)
Array
(
    [funcion] => Guardar_Venta
    [idclientes] => 334
    [total] => 161.67
    [efectivo] => 200
    [cambio] => 38.33
    [Detalle] => Array
        (
            [0] => Array
                (
                    [cantidad] => 1
                    [codigo_barras] => 12345678907
                    [id_productos] => 23
                    [precio] => 73.85
                )

            [1] => Array
                (
                    [cantidad] => 1
                    [codigo_barras] => 123456789010
                    [id_productos] => 26
                    [precio] => 49.9
                )

            [2] => Array
                (
                    [cantidad] => 1
                    [codigo_barras] => 123456789013
                    [id_productos] => 29
                    [precio] => 37.92
                )

        )

)
Array
(
    [funcion] => Guardar_Venta
    [idclientes] => 6
    [total] => 96.98
    [efectivo] => 100
    [cambio] => 3.02
    [Detalle] => Array
        (
            [0] => Array
                (
                    [cantidad] => 1
                    [codigo_barras] => 12345678906
                    [id_productos] => 22
                    [precio] => 19.3
                )

            [1] => Array
                (
                    [cantidad] => 1
                    [codigo_barras] => 123456789012
                    [id_productos] => 28
                    [precio] => 77.68
                )

        )

)
Array
(
    [funcion] => Guardar_Venta
    [idclientes] => 6
    [total] => 235.14
    [efectivo] => 300
    [cambio] => 64.86
    [Detalle] => Array
        (
            [0] => Array
                (
                    [cantidad] => 1
                    [codigo_barras] => 12345678905
                    [id_productos] => 21
                    [precio] => 58.61
                )

            [1] => Array
                (
                    [cantidad] => 2
                    [codigo_barras] => 12345678907
                    [id_productos] => 23
                    [precio] => 73.85
                )

            [2] => Array
                (
                    [cantidad] => 1
                    [codigo_barras] => 123456789018
                    [id_productos] => 34
                    [precio] => 28.83
                )

        )

)
Array
(
    [funcion] => Guardar_Venta
    [idclientes] => 5
    [total] => 1153.49
    [efectivo] => 1500
    [cambio] => 346.51
    [Detalle] => Array
        (
            [0] => Array
                (
                    [cantidad] => 13
                    [codigo_barras] => 12345678907
                    [id_productos] => 23
                    [precio] => 73.85
                )

            [1] => Array
                (
                    [cantidad] => 12
                    [codigo_barras] => 123456789014
                    [id_productos] => 30
                    [precio] => 16.12
                )

        )

)
Array
(
    [funcion] => Guardar_Venta
    [idclientes] => 5
    [total] => 84.61
    [efectivo] => 100
    [cambio] => 15.39
    [Detalle] => Array
        (
            [0] => Array
                (
                    [cantidad] => 1
                    [codigo_barras] => 12345678905
                    [id_productos] => 21
                    [precio] => 58.61
                )

            [1] => Array
                (
                    [cantidad] => 1
                    [codigo_barras] => 123456789011
                    [id_productos] => 27
                    [precio] => 26
                )

        )

)
Array
(
    [funcion] => Guardar_Venta
    [idclientes] => 6
    [total] => 64.6
    [efectivo] => 100
    [cambio] => 35.4
    [Detalle] => Array
        (
            [0] => Array
                (
                    [cantidad] => 2
                    [codigo_barras] => 12345678906
                    [id_productos] => 22
                    [precio] => 19.3
                )

            [1] => Array
                (
                    [cantidad] => 1
                    [codigo_barras] => 123456789011
                    [id_productos] => 27
                    [precio] => 26
                )

        )

)
Array
(
    [funcion] => Guardar_Venta
    [idclientes] => 5
    [total] => 111.77
    [efectivo] => 200
    [cambio] => 88.23
    [Detalle] => Array
        (
            [0] => Array
                (
                    [cantidad] => 1
                    [codigo_barras] => 12345678907
                    [id_productos] => 23
                    [precio] => 73.85
                )

            [1] => Array
                (
                    [cantidad] => 1
                    [codigo_barras] => 123456789013
                    [id_productos] => 29
                    [precio] => 37.92
                )

        )

)
Array
(
    [funcion] => Guardar_Venta
    [idclientes] => 5
    [total] => 123.75
    [efectivo] => 200
    [cambio] => 76.25
    [Detalle] => Array
        (
            [0] => Array
                (
                    [cantidad] => 1
                    [codigo_barras] => 12345678907
                    [id_productos] => 23
                    [precio] => 73.85
                )

            [1] => Array
                (
                    [cantidad] => 1
                    [codigo_barras] => 123456789010
                    [id_productos] => 26
                    [precio] => 49.9
                )

        )

)
Array
(
    [funcion] => Guardar_Venta
    [idclientes] => 5
    [total] => 210.07
    [efectivo] => 300
    [cambio] => 89.93
    [Detalle] => Array
        (
            [0] => Array
                (
                    [cantidad] => 1
                    [codigo_barras] => 12345678909
                    [id_productos] => 25
                    [precio] => 4.81
                )

            [1] => Array
                (
                    [cantidad] => 1
                    [codigo_barras] => 123456789010
                    [id_productos] => 26
                    [precio] => 49.9
                )

            [2] => Array
                (
                    [cantidad] => 2
                    [codigo_barras] => 123456789012
                    [id_productos] => 28
                    [precio] => 77.68
                )

        )

)
Array
(
    [funcion] => Guardar_Venta
    [idclientes] => 4
    [total] => 67.89
    [efectivo] => 100
    [cambio] => 32.11
    [Detalle] => Array
        (
            [0] => Array
                (
                    [cantidad] => 1
                    [codigo_barras] => 12345678908
                    [id_productos] => 24
                    [precio] => 67.89
                )

        )

)
Array
(
    [funcion] => Guardar_Venta
    [idclientes] => 1
    [nombre_cliente] => Mostrador
    [total] => 58.61
    [efectivo] => 100
    [cambio] => 41.39
    [Detalle] => Array
        (
            [0] => Array
                (
                    [cantidad] => 1
                    [codigo_barras] => 12345678905
                    [id_productos] => 21
                    [precio] => 58.61
                )

        )

)
Array
(
    [funcion] => Guardar_Venta
    [idclientes] => 1
    [nombre_cliente] => Mostrador
    [total] => 19.3
    [efectivo] => 100
    [cambio] => 80.7
    [Detalle] => Array
        (
            [0] => Array
                (
                    [cantidad] => 1
                    [codigo_barras] => 12345678906
                    [id_productos] => 22
                    [precio] => 19.3
                )

        )

)
Array
(
    [funcion] => Guardar_Venta
    [idclientes] => 1
    [nombre_cliente] => Mostrador
    [total] => 141.74
    [efectivo] => 200
    [cambio] => 58.26
    [Detalle] => Array
        (
            [0] => Array
                (
                    [cantidad] => 1
                    [codigo_barras] => 12345678908
                    [id_productos] => 24
                    [precio] => 67.89
                )

            [1] => Array
                (
                    [cantidad] => 1
                    [codigo_barras] => 12345678907
                    [id_productos] => 23
                    [precio] => 73.85
                )

        )

)
Array
(
    [funcion] => Guardar_Venta
    [idclientes] => 692
    [nombre_cliente] => Diego José Ruiz Díaz
    [total] => 19.3
    [efectivo] => 100
    [cambio] => 80.7
    [Detalle] => Array
        (
            [0] => Array
                (
                    [cantidad] => 1
                    [codigo_barras] => 12345678906
                    [id_productos] => 22
                    [precio] => 19.3
                )

        )

)
Array
(
    [funcion] => Guardar_Venta
    [idclientes] => 452
    [nombre_cliente] => Diego José Fernández García
    [total] => 111.77
    [efectivo] => 200
    [cambio] => 88.23
    [Detalle] => Array
        (
            [0] => Array
                (
                    [cantidad] => 1
                    [codigo_barras] => 12345678907
                    [id_productos] => 23
                    [precio] => 73.85
                )

            [1] => Array
                (
                    [cantidad] => 1
                    [codigo_barras] => 123456789013
                    [id_productos] => 29
                    [precio] => 37.92
                )

        )

)
Array
(
    [funcion] => Guardar_Venta
    [idclientes] => 9
    [nombre_cliente] => Cliente9 ApellidoP9 ApellidoM9
    [total] => 152.04
    [efectivo] => 200
    [cambio] => 47.96
    [Detalle] => Array
        (
            [0] => Array
                (
                    [cantidad] => 1
                    [codigo_barras] => 12345678907
                    [id_productos] => 23
                    [precio] => 73.85
                )

            [1] => Array
                (
                    [cantidad] => 1
                    [codigo_barras] => 12345678908
                    [id_productos] => 24
                    [precio] => 67.89
                )

            [2] => Array
                (
                    [cantidad] => 1
                    [codigo_barras] => 12345678902
                    [id_productos] => 18
                    [precio] => 10.3
                )

        )

)
Array
(
    [funcion] => Guardar_Venta
    [idclientes] => 1
    [nombre_cliente] => Mostrador
    [total] => 121.67
    [efectivo] => 200
    [cambio] => 78.33
    [Detalle] => Array
        (
            [0] => Array
                (
                    [cantidad] => 1
                    [codigo_barras] => 12345678904
                    [id_productos] => 20
                    [precio] => 83.75
                )

            [1] => Array
                (
                    [cantidad] => 1
                    [codigo_barras] => 123456789013
                    [id_productos] => 29
                    [precio] => 37.92
                )

        )

)
Array
(
    [funcion] => Guardar_Venta
    [idclientes] => 1
    [nombre_cliente] => Mostrador
    [total] => 19.3
    [efectivo] => 100
    [cambio] => 80.7
    [Detalle] => Array
        (
            [0] => Array
                (
                    [cantidad] => 1
                    [codigo_barras] => 12345678906
                    [id_productos] => 22
                    [precio] => 19.3
                )

        )

)
Array
(
    [funcion] => Guardar_Venta
    [idclientes] => 1
    [nombre_cliente] => Mostrador
    [total] => 83.75
    [efectivo] => 100
    [cambio] => 16.25
    [Detalle] => Array
        (
            [0] => Array
                (
                    [cantidad] => 1
                    [codigo_barras] => 12345678904
                    [id_productos] => 20
                    [precio] => 83.75
                )

        )

    [tipo_pago] => contado
    [dias_credito] => 0
)
Array
(
    [funcion] => Guardar_Venta
    [idclientes] => 1
    [nombre_cliente] => Mostrador
    [total] => 67.89
    [efectivo] => 100
    [cambio] => 32.11
    [Detalle] => Array
        (
            [0] => Array
                (
                    [cantidad] => 1
                    [codigo_barras] => 12345678908
                    [id_productos] => 24
                    [precio] => 67.89
                )

        )

    [tipo_pago] => contado
    [dias_credito] => 0
)
Array
(
    [funcion] => Guardar_Venta
    [idclientes] => 1
    [nombre_cliente] => Mostrador
    [total] => 19.3
    [efectivo] => 100
    [cambio] => 80.7
    [Detalle] => Array
        (
            [0] => Array
                (
                    [cantidad] => 1
                    [codigo_barras] => 12345678906
                    [id_productos] => 22
                    [precio] => 19.3
                )

        )

    [tipo_pago] => contado
    [dias_credito] => 0
)
Array
(
    [funcion] => Guardar_Venta
    [idclientes] => 1
    [nombre_cliente] => Mostrador
    [total] => 67.89
    [efectivo] => 100
    [cambio] => 32.11
    [Detalle] => Array
        (
            [0] => Array
                (
                    [cantidad] => 1
                    [codigo_barras] => 12345678908
                    [id_productos] => 24
                    [precio] => 67.89
                )

        )

    [tipo_pago] => contado
    [dias_credito] => 0
)
Array
(
    [funcion] => Guardar_Venta
    [idclientes] => 1
    [nombre_cliente] => Mostrador
    [total] => 58.61
    [efectivo] => 100
    [cambio] => 41.39
    [Detalle] => Array
        (
            [0] => Array
                (
                    [cantidad] => 1
                    [codigo_barras] => 12345678905
                    [id_productos] => 21
                    [precio] => 58.61
                )

        )

    [tipo_pago] => credito
    [dias_credito] => 40
)
Array
(
    [funcion] => Guardar_Venta
    [idclientes] => 1
    [nombre_cliente] => Mostrador
    [total] => 73.85
    [efectivo] => 0
    [cambio] => 0
    [Detalle] => Array
        (
            [0] => Array
                (
                    [cantidad] => 1
                    [codigo_barras] => 12345678907
                    [id_productos] => 23
                    [precio] => 73.85
                )

        )

    [tipo_pago] => credito
    [dias_credito] => 30
)
Array
(
    [funcion] => Guardar_Venta
    [idclientes] => 2
    [nombre_cliente] => Cliente2 ApellidoP2 ApellidoM2
    [total] => 73.85
    [efectivo] => 0
    [cambio] => 0
    [Detalle] => Array
        (
            [0] => Array
                (
                    [cantidad] => 1
                    [codigo_barras] => 12345678907
                    [id_productos] => 23
                    [precio] => 73.85
                )

        )

    [tipo_pago] => credito
    [dias_credito] => 30
)
Array
(
    [funcion] => Guardar_Venta
    [idclientes] => 2
    [nombre_cliente] => Cliente2 ApellidoP2 ApellidoM2
    [total] => 73.85
    [efectivo] => 0
    [cambio] => 0
    [Detalle] => Array
        (
            [0] => Array
                (
                    [cantidad] => 1
                    [codigo_barras] => 12345678907
                    [id_productos] => 23
                    [precio] => 73.85
                )

        )

    [tipo_pago] => credito
    [dias_credito] => 30
)
Array
(
    [funcion] => Guardar_Venta
    [idclientes] => 1
    [nombre_cliente] => Mostrador
    [total] => 19.3
    [efectivo] => 0
    [cambio] => 0
    [Detalle] => Array
        (
            [0] => Array
                (
                    [cantidad] => 1
                    [codigo_barras] => 12345678906
                    [id_productos] => 22
                    [precio] => 19.3
                )

        )

    [tipo_pago] => credito
    [dias_credito] => 30
)
Array
(
    [funcion] => Guardar_Venta
    [idclientes] => 1
    [nombre_cliente] => Mostrador
    [total] => 67.89
    [efectivo] => 0
    [cambio] => 0
    [Detalle] => Array
        (
            [0] => Array
                (
                    [cantidad] => 1
                    [codigo_barras] => 12345678908
                    [id_productos] => 24
                    [precio] => 67.89
                )

        )

    [tipo_pago] => credito
    [dias_credito] => 30
)
Array
(
    [funcion] => Guardar_Venta
    [idclientes] => 1
    [nombre_cliente] => Mostrador
    [total] => 67.89
    [efectivo] => 0
    [cambio] => 0
    [Detalle] => Array
        (
            [0] => Array
                (
                    [cantidad] => 1
                    [codigo_barras] => 12345678908
                    [id_productos] => 24
                    [precio] => 67.89
                )

        )

    [tipo_pago] => credito
    [dias_credito] => 30
)
Array
(
    [funcion] => Guardar_Venta
    [idclientes] => 332
    [nombre_cliente] => Diego Morales Sánchez
    [total] => 99.85
    [efectivo] => 0
    [cambio] => 0
    [Detalle] => Array
        (
            [0] => Array
                (
                    [cantidad] => 1
                    [codigo_barras] => 12345678907
                    [id_productos] => 23
                    [precio] => 73.85
                )

            [1] => Array
                (
                    [cantidad] => 1
                    [codigo_barras] => 123456789011
                    [id_productos] => 27
                    [precio] => 26
                )

        )

    [tipo_pago] => credito
    [dias_credito] => 30
)
Array
(
    [funcion] => Guardar_Venta
    [idclientes] => 1
    [nombre_cliente] => Mostrador
    [total] => 72.7
    [efectivo] => 100
    [cambio] => 27.3
    [Detalle] => Array
        (
            [0] => Array
                (
                    [cantidad] => 1
                    [codigo_barras] => 12345678908
                    [id_productos] => 24
                    [precio] => 67.89
                )

            [1] => Array
                (
                    [cantidad] => 1
                    [codigo_barras] => 12345678909
                    [id_productos] => 25
                    [precio] => 4.81
                )

        )

    [tipo_pago] => contado
    [dias_credito] => 0
)
Array
(
    [funcion] => Guardar_Venta
    [idclientes] => 1
    [nombre_cliente] => Mostrador
    [total] => 67.89
    [efectivo] => 0
    [cambio] => 0
    [Detalle] => Array
        (
            [0] => Array
                (
                    [cantidad] => 1
                    [codigo_barras] => 12345678908
                    [id_productos] => 24
                    [precio] => 67.89
                )

        )

    [tipo_pago] => credito
    [dias_credito] => 100
)
Array
(
    [funcion] => Guardar_Venta
    [idclientes] => 1
    [nombre_cliente] => Mostrador
    [total] => 45.26
    [efectivo] => 0
    [cambio] => 0
    [Detalle] => Array
        (
            [0] => Array
                (
                    [cantidad] => 1
                    [codigo_barras] => 12345678903
                    [id_productos] => 19
                    [precio] => 45.26
                )

        )

    [tipo_pago] => credito
    [dias_credito] => 1
)
Array
(
    [funcion] => Guardar_Venta
    [idclientes] => 332
    [nombre_cliente] => Diego Morales Sánchez
    [total] => 58.61
    [efectivo] => 0
    [cambio] => 0
    [Detalle] => Array
        (
            [0] => Array
                (
                    [cantidad] => 1
                    [codigo_barras] => 12345678905
                    [id_productos] => 21
                    [precio] => 58.61
                )

        )

    [tipo_pago] => credito
    [dias_credito] => 1
)
Array
(
    [funcion] => Guardar_Venta
    [idclientes] => 1
    [nombre_cliente] => Mostrador
    [total] => 73.85
    [efectivo] => 100
    [cambio] => 26.15
    [Detalle] => Array
        (
            [0] => Array
                (
                    [cantidad] => 1
                    [codigo_barras] => 12345678907
                    [id_productos] => 23
                    [precio] => 73.85
                )

        )

    [tipo_pago] => contado
    [dias_credito] => 0
)
Array
(
    [funcion] => Guardar_Venta
    [idclientes] => 3
    [nombre_cliente] => Cliente3 ApellidoP3 ApellidoM3
    [total] => 73.85
    [efectivo] => 100
    [cambio] => 26.15
    [Detalle] => Array
        (
            [0] => Array
                (
                    [cantidad] => 1
                    [codigo_barras] => 12345678907
                    [id_productos] => 23
                    [precio] => 73.85
                )

        )

    [tipo_pago] => contado
    [dias_credito] => 0
)
Array
(
    [funcion] => Guardar_Venta
    [idclientes] => 1
    [nombre_cliente] => Mostrador
    [total] => 50.07
    [efectivo] => 100
    [cambio] => 49.93
    [Detalle] => Array
        (
            [0] => Array
                (
                    [cantidad] => 1
                    [codigo_barras] => 12345678903
                    [id_productos] => 19
                    [precio] => 45.26
                )

            [1] => Array
                (
                    [cantidad] => 1
                    [codigo_barras] => 12345678909
                    [id_productos] => 25
                    [precio] => 4.81
                )

        )

    [tipo_pago] => contado
    [dias_credito] => 0
)
Array
(
    [funcion] => Guardar_Venta
    [idclientes] => 512
    [nombre_cliente] => Diego José Martínez López
    [total] => 73.85
    [efectivo] => 0
    [cambio] => 0
    [Detalle] => Array
        (
            [0] => Array
                (
                    [cantidad] => 1
                    [codigo_barras] => 12345678907
                    [id_productos] => 23
                    [precio] => 73.85
                )

        )

    [tipo_pago] => credito
    [dias_credito] => 30
)
Array
(
    [funcion] => Guardar_Venta
    [idclientes] => 1
    [nombre_cliente] => Mostrador
    [total] => 159.8
    [efectivo] => 500
    [cambio] => 340.2
    [Detalle] => Array
        (
            [0] => Array
                (
                    [cantidad] => 1
                    [codigo_barras] => WERERTR
                    [id_productos] => 329
                    [precio] => 60
                )

            [1] => Array
                (
                    [cantidad] => 2
                    [codigo_barras] => 123456789010
                    [id_productos] => 26
                    [precio] => 49.9
                )

        )

    [tipo_pago] => contado
    [dias_credito] => 0
)
Array
(
    [funcion] => Guardar_Venta
    [idclientes] => 1
    [nombre_cliente] => Mostrador
    [total] => 104.77
    [efectivo] => 200
    [cambio] => 95.23
    [Detalle] => Array
        (
            [0] => Array
                (
                    [cantidad] => 1
                    [codigo_barras] => 12345678906
                    [id_productos] => 22
                    [precio] => 19.3
                )

            [1] => Array
                (
                    [cantidad] => 1
                    [codigo_barras] => 12345678903
                    [id_productos] => 19
                    [precio] => 45.26
                )

            [2] => Array
                (
                    [cantidad] => 1
                    [codigo_barras] => 123456789016
                    [id_productos] => 32
                    [precio] => 40.21
                )

        )

    [tipo_pago] => contado
    [dias_credito] => 0
)
Array
(
    [funcion] => Guardar_Venta
    [idclientes] => 514
    [nombre_cliente] => Javier Antonio Sánchez Fernández
    [total] => 77.68
    [efectivo] => 0
    [cambio] => 0
    [Detalle] => Array
        (
            [0] => Array
                (
                    [cantidad] => 1
                    [codigo_barras] => 123456789012
                    [id_productos] => 28
                    [precio] => 77.68
                )

        )

    [tipo_pago] => credito
    [dias_credito] => 30
)
Array
(
    [funcion] => Guardar_Venta
    [idclientes] => 2
    [nombre_cliente] => Cliente2 ApellidoP2 ApellidoM2
    [total] => 283.99
    [efectivo] => 0
    [cambio] => 0
    [Detalle] => Array
        (
            [0] => Array
                (
                    [cantidad] => 1
                    [codigo_barras] => 12345678909
                    [id_productos] => 25
                    [precio] => 4.81
                )

            [1] => Array
                (
                    [cantidad] => 1
                    [codigo_barras] => 123456789013
                    [id_productos] => 29
                    [precio] => 37.92
                )

            [2] => Array
                (
                    [cantidad] => 6
                    [codigo_barras] => 123456789016
                    [id_productos] => 32
                    [precio] => 40.21
                )

        )

    [tipo_pago] => credito
    [dias_credito] => 30
)
Array
(
    [funcion] => Guardar_Venta
    [idclientes] => 318
    [nombre_cliente] => Carlos Sánchez Fernández
    [total] => 271.56
    [efectivo] => 0
    [cambio] => 0
    [Detalle] => Array
        (
            [0] => Array
                (
                    [cantidad] => 4
                    [codigo_barras] => 12345678908
                    [id_productos] => 24
                    [precio] => 67.89
                )

        )

    [tipo_pago] => credito
    [dias_credito] => 30
)
Array
(
    [funcion] => Guardar_Venta
    [idclientes] => 326
    [nombre_cliente] => Francisco Hernández Martínez
    [total] => 19.3
    [efectivo] => 0
    [cambio] => 0
    [Detalle] => Array
        (
            [0] => Array
                (
                    [cantidad] => 1
                    [codigo_barras] => 12345678906
                    [id_productos] => 22
                    [precio] => 19.3
                )

        )

    [tipo_pago] => credito
    [dias_credito] => 30
)
Array
(
    [funcion] => Guardar_Venta
    [idclientes] => 4
    [nombre_cliente] => Cliente4 ApellidoP4 ApellidoM4
    [total] => 73.85
    [efectivo] => 0
    [cambio] => 0
    [Detalle] => Array
        (
            [0] => Array
                (
                    [cantidad] => 1
                    [codigo_barras] => 12345678907
                    [id_productos] => 23
                    [precio] => 73.85
                )

        )

    [tipo_pago] => credito
    [dias_credito] => 30
)
Array
(
    [funcion] => Guardar_Venta
    [idclientes] => 1
    [nombre_cliente] => Mostrador
    [total] => 66.02
    [efectivo] => 100
    [cambio] => 33.98
    [Detalle] => Array
        (
            [0] => Array
                (
                    [cantidad] => 1
                    [codigo_barras] => 123456789010
                    [id_productos] => 26
                    [precio] => 49.9
                )

            [1] => Array
                (
                    [cantidad] => 1
                    [codigo_barras] => 123456789014
                    [id_productos] => 30
                    [precio] => 16.12
                )

        )

    [tipo_pago] => contado
    [dias_credito] => 0
)
Array
(
    [funcion] => Guardar_Venta
    [idclientes] => 1
    [nombre_cliente] => Mostrador
    [total] => 73.85
    [efectivo] => 100
    [cambio] => 26.15
    [Detalle] => Array
        (
            [0] => Array
                (
                    [cantidad] => 1
                    [codigo_barras] => 12345678907
                    [id_productos] => 23
                    [precio] => 73.85
                )

        )

    [tipo_pago] => contado
    [dias_credito] => 0
)
Array
(
    [funcion] => Guardar_Venta
    [idclientes] => 1
    [nombre_cliente] => Mostrador
    [total] => 73.85
    [efectivo] => 100
    [cambio] => 26.15
    [Detalle] => Array
        (
            [0] => Array
                (
                    [cantidad] => 1
                    [codigo_barras] => 12345678907
                    [id_productos] => 23
                    [precio] => 73.85
                )

        )

    [tipo_pago] => contado
    [dias_credito] => 0
)
Array
(
    [funcion] => Guardar_Venta
    [idclientes] => 5
    [nombre_cliente] => Cliente5 ApellidoP5 ApellidoM5
    [total] => 19.3
    [efectivo] => 100
    [cambio] => 80.7
    [Detalle] => Array
        (
            [0] => Array
                (
                    [cantidad] => 1
                    [codigo_barras] => 12345678906
                    [id_productos] => 22
                    [precio] => 19.3
                )

        )

    [tipo_pago] => contado
    [dias_credito] => 0
)
Array
(
    [funcion] => Guardar_Venta
    [idclientes] => 1
    [nombre_cliente] => Mostrador
    [total] => 73.85
    [efectivo] => 100
    [cambio] => 26.15
    [Detalle] => Array
        (
            [0] => Array
                (
                    [cantidad] => 1
                    [codigo_barras] => 12345678907
                    [id_productos] => 23
                    [precio] => 73.85
                )

        )

    [tipo_pago] => contado
    [dias_credito] => 0
)
Array
(
    [funcion] => Guardar_Venta
    [idclientes] => 392
    [nombre_cliente] => Diego José Díaz Martínez
    [total] => 45.3
    [efectivo] => 0
    [cambio] => 0
    [Detalle] => Array
        (
            [0] => Array
                (
                    [cantidad] => 1
                    [codigo_barras] => 12345678906
                    [id_productos] => 22
                    [precio] => 19.3
                )

            [1] => Array
                (
                    [cantidad] => 1
                    [codigo_barras] => 123456789011
                    [id_productos] => 27
                    [precio] => 26
                )

        )

    [tipo_pago] => credito
    [dias_credito] => 15
)
Array
(
    [funcion] => Guardar_Venta
    [idclientes] => 1
    [nombre_cliente] => Mostrador
    [total] => 67.89
    [efectivo] => 67.89
    [cambio] => 0
    [Detalle] => Array
        (
            [0] => Array
                (
                    [cantidad] => 1
                    [codigo_barras] => 12345678908
                    [id_productos] => 24
                    [precio] => 67.89
                )

        )

    [tipo_pago] => contado
    [dias_credito] => 0
)
Array
(
    [funcion] => Guardar_Venta
    [idclientes] => 5
    [nombre_cliente] => Cliente5 ApellidoP5 ApellidoM5
    [total] => 73.85
    [efectivo] => 100
    [cambio] => 26.15
    [Detalle] => Array
        (
            [0] => Array
                (
                    [cantidad] => 1
                    [codigo_barras] => 12345678907
                    [id_productos] => 23
                    [precio] => 73.85
                )

        )

    [tipo_pago] => contado
    [dias_credito] => 0
)
Array
(
    [funcion] => Guardar_Venta
    [idclientes] => 1
    [nombre_cliente] => Mostrador
    [total] => 67.89
    [efectivo] => 100
    [cambio] => 32.11
    [Detalle] => Array
        (
            [0] => Array
                (
                    [cantidad] => 1
                    [codigo_barras] => 12345678908
                    [id_productos] => 24
                    [precio] => 67.89
                )

        )

    [tipo_pago] => contado
    [dias_credito] => 0
)
Array
(
    [funcion] => Guardar_Venta
    [idclientes] => 1
    [nombre_cliente] => Mostrador
    [total] => 69.2
    [efectivo] => 100
    [cambio] => 30.8
    [Detalle] => Array
        (
            [0] => Array
                (
                    [cantidad] => 1
                    [codigo_barras] => 12345678906
                    [id_productos] => 22
                    [precio] => 19.3
                )

            [1] => Array
                (
                    [cantidad] => 1
                    [codigo_barras] => 123456789010
                    [id_productos] => 26
                    [precio] => 49.9
                )

        )

    [tipo_pago] => contado
    [dias_credito] => 0
)
Array
(
    [funcion] => Guardar_Venta
    [idclientes] => 1
    [nombre_cliente] => Mostrador
    [total] => 203.37
    [efectivo] => 300
    [cambio] => 96.63
    [Detalle] => Array
        (
            [0] => Array
                (
                    [cantidad] => 1
                    [codigo_barras] => 12345678905
                    [id_productos] => 21
                    [precio] => 58.61
                )

            [1] => Array
                (
                    [cantidad] => 1
                    [codigo_barras] => 12345678906
                    [id_productos] => 22
                    [precio] => 19.3
                )

            [2] => Array
                (
                    [cantidad] => 1
                    [codigo_barras] => 12345678908
                    [id_productos] => 24
                    [precio] => 67.89
                )

            [3] => Array
                (
                    [cantidad] => 1
                    [codigo_barras] => 123456789015
                    [id_productos] => 31
                    [precio] => 57.57
                )

        )

    [tipo_pago] => contado
    [dias_credito] => 0
)
Array
(
    [funcion] => Guardar_Venta
    [idclientes] => 1
    [nombre_cliente] => Mostrador
    [total] => 142.36
    [efectivo] => 200
    [cambio] => 57.64
    [Detalle] => Array
        (
            [0] => Array
                (
                    [cantidad] => 1
                    [codigo_barras] => 12345678904
                    [id_productos] => 20
                    [precio] => 83.75
                )

            [1] => Array
                (
                    [cantidad] => 1
                    [codigo_barras] => 12345678905
                    [id_productos] => 21
                    [precio] => 58.61
                )

        )

    [tipo_pago] => contado
    [dias_credito] => 0
)
Array
(
    [funcion] => Guardar_Venta
    [idclientes] => 348
    [nombre_cliente] => Andrés Reyes Fernández
    [total] => 73.85
    [efectivo] => 0
    [cambio] => 0
    [Detalle] => Array
        (
            [0] => Array
                (
                    [cantidad] => 1
                    [codigo_barras] => 12345678907
                    [id_productos] => 23
                    [precio] => 73.85
                )

        )

    [tipo_pago] => credito
    [dias_credito] => 30
)
Array
(
    [funcion] => Guardar_Venta
    [idclientes] => 329
    [nombre_cliente] => Elena Torres Ruiz
    [total] => 93.89
    [efectivo] => 100
    [cambio] => 6.11
    [Detalle] => Array
        (
            [0] => Array
                (
                    [cantidad] => 1
                    [codigo_barras] => 12345678908
                    [id_productos] => 24
                    [precio] => 67.89
                )

            [1] => Array
                (
                    [cantidad] => 1
                    [codigo_barras] => 123456789011
                    [id_productos] => 27
                    [precio] => 26
                )

        )

    [tipo_pago] => credito
    [dias_credito] => 1
)
Array
(
    [funcion] => Guardar_Venta
    [idclientes] => 1
    [nombre_cliente] => Mostrador
    [total] => 151.53
    [efectivo] => 200
    [cambio] => 48.47
    [Detalle] => Array
        (
            [0] => Array
                (
                    [cantidad] => 1
                    [codigo_barras] => 12345678907
                    [id_productos] => 23
                    [precio] => 73.85
                )

            [1] => Array
                (
                    [cantidad] => 1
                    [codigo_barras] => 123456789012
                    [id_productos] => 28
                    [precio] => 77.68
                )

        )

    [tipo_pago] => contado
    [dias_credito] => 0
)
Array
(
    [funcion] => Guardar_Venta
    [idclientes] => 1
    [nombre_cliente] => Mostrador
    [total] => 183.6
    [efectivo] => 200
    [cambio] => 16.4
    [Detalle] => Array
        (
            [0] => Array
                (
                    [cantidad] => 1
                    [codigo_barras] => 12345678904
                    [id_productos] => 20
                    [precio] => 83.75
                )

            [1] => Array
                (
                    [cantidad] => 1
                    [codigo_barras] => 123456789011
                    [id_productos] => 27
                    [precio] => 26
                )

            [2] => Array
                (
                    [cantidad] => 1
                    [codigo_barras] => 12345678907
                    [id_productos] => 23
                    [precio] => 73.85
                )

        )

    [tipo_pago] => contado
    [dias_credito] => 0
)
Array
(
    [funcion] => Guardar_Venta
    [idclientes] => 1
    [nombre_cliente] => Mostrador
    [total] => 776.39
    [efectivo] => 1000
    [cambio] => 223.61
    [Detalle] => Array
        (
            [0] => Array
                (
                    [cantidad] => 1
                    [codigo_barras] => 12345678906
                    [id_productos] => 22
                    [precio] => 19.3
                )

            [1] => Array
                (
                    [cantidad] => 11
                    [codigo_barras] => 12345678908
                    [id_productos] => 24
                    [precio] => 67.89
                )

            [2] => Array
                (
                    [cantidad] => 1
                    [codigo_barras] => 12345678902
                    [id_productos] => 18
                    [precio] => 10.3
                )

        )

    [tipo_pago] => contado
    [dias_credito] => 0
)
Array
(
    [funcion] => Guardar_Venta
    [idclientes] => 1
    [nombre_cliente] => Mostrador
    [total] => 73.85
    [efectivo] => 100
    [cambio] => 26.15
    [Detalle] => Array
        (
            [0] => Array
                (
                    [cantidad] => 1
                    [codigo_barras] => 12345678907
                    [id_productos] => 23
                    [precio] => 73.85
                )

        )

    [tipo_pago] => contado
    [dias_credito] => 0
)
Array
(
    [funcion] => Guardar_Venta
    [idclientes] => 1
    [nombre_cliente] => Mostrador
    [total] => 49.9
    [efectivo] => 100
    [cambio] => 50.1
    [Detalle] => Array
        (
            [0] => Array
                (
                    [cantidad] => 1
                    [codigo_barras] => 123456789010
                    [id_productos] => 26
                    [precio] => 49.9
                )

        )

    [tipo_pago] => contado
    [dias_credito] => 0
)
Array
(
    [funcion] => Guardar_Venta
    [idclientes] => 1
    [nombre_cliente] => Mostrador
    [total] => 4.81
    [efectivo] => 100
    [cambio] => 95.19
    [Detalle] => Array
        (
            [0] => Array
                (
                    [cantidad] => 1
                    [codigo_barras] => 12345678909
                    [id_productos] => 25
                    [precio] => 4.81
                )

        )

    [tipo_pago] => contado
    [dias_credito] => 0
)
Array
(
    [funcion] => Guardar_Venta
    [idclientes] => 1
    [nombre_cliente] => Mostrador
    [total] => 64.56
    [efectivo] => 100
    [cambio] => 35.44
    [Detalle] => Array
        (
            [0] => Array
                (
                    [cantidad] => 1
                    [codigo_barras] => 12345678906
                    [id_productos] => 22
                    [precio] => 19.3
                )

            [1] => Array
                (
                    [cantidad] => 1
                    [codigo_barras] => 12345678903
                    [id_productos] => 19
                    [precio] => 45.26
                )

        )

    [tipo_pago] => contado
    [dias_credito] => 0
)
Array
(
    [funcion] => Guardar_Venta
    [idclientes] => 3
    [nombre_cliente] => Cliente3 ApellidoP3 ApellidoM3
    [total] => 72.7
    [efectivo] => 100
    [cambio] => 27.3
    [Detalle] => Array
        (
            [0] => Array
                (
                    [cantidad] => 1
                    [codigo_barras] => 12345678909
                    [id_productos] => 25
                    [precio] => 4.81
                )

            [1] => Array
                (
                    [cantidad] => 1
                    [codigo_barras] => 12345678908
                    [id_productos] => 24
                    [precio] => 67.89
                )

        )

    [tipo_pago] => contado
    [dias_credito] => 0
)
Array
(
    [funcion] => Guardar_Venta
    [idclientes] => 340
    [nombre_cliente] => Alejandro Núñez Sánchez
    [total] => 67.89
    [efectivo] => 0
    [cambio] => 0
    [Detalle] => Array
        (
            [0] => Array
                (
                    [cantidad] => 1
                    [codigo_barras] => 12345678908
                    [id_productos] => 24
                    [precio] => 67.89
                )

        )

    [tipo_pago] => credito
    [dias_credito] => 1
)
Array
(
    [funcion] => Guardar_Venta
    [idclientes] => 1
    [nombre_cliente] => Mostrador
    [total] => 2321.92
    [efectivo] => 3000
    [cambio] => 678.08
    [Detalle] => Array
        (
            [0] => Array
                (
                    [cantidad] => 1
                    [codigo_barras] => 12345678906
                    [id_productos] => 22
                    [precio] => 19.3
                )

            [1] => Array
                (
                    [cantidad] => 1
                    [codigo_barras] => 123456789010
                    [id_productos] => 26
                    [precio] => 49.9
                )

            [2] => Array
                (
                    [cantidad] => 29
                    [codigo_barras] => 123456789012
                    [id_productos] => 28
                    [precio] => 77.68
                )

        )

    [tipo_pago] => contado
    [dias_credito] => 0
)
Array
(
    [funcion] => Guardar_Venta
    [idclientes] => 322
    [nombre_cliente] => Pedro Gómez Hernández
    [total] => 789.17
    [efectivo] => 1000
    [cambio] => 210.83
    [Detalle] => Array
        (
            [0] => Array
                (
                    [cantidad] => 1
                    [codigo_barras] => 12345678906
                    [id_productos] => 22
                    [precio] => 19.3
                )

            [1] => Array
                (
                    [cantidad] => 1
                    [codigo_barras] => 123456789014
                    [id_productos] => 30
                    [precio] => 16.12
                )

            [2] => Array
                (
                    [cantidad] => 9
                    [codigo_barras] => 12345678904
                    [id_productos] => 20
                    [precio] => 83.75
                )

        )

    [tipo_pago] => credito
    [dias_credito] => 5
)
Array
(
    [funcion] => Guardar_Venta
    [idclientes] => 1
    [nombre_cliente] => Mostrador
    [total] => 4.81
    [efectivo] => 5
    [cambio] => 0.19
    [Detalle] => Array
        (
            [0] => Array
                (
                    [cantidad] => 1
                    [codigo_barras] => 12345678909
                    [id_productos] => 25
                    [precio] => 4.81
                )

        )

    [tipo_pago] => contado
    [dias_credito] => 0
)
Array
(
    [funcion] => Guardar_Venta
    [idclientes] => 1
    [nombre_cliente] => Mostrador
    [total] => 4.81
    [efectivo] => 10
    [cambio] => 5.19
    [Detalle] => Array
        (
            [0] => Array
                (
                    [cantidad] => 1
                    [codigo_barras] => 12345678909
                    [id_productos] => 25
                    [precio] => 4.81
                )

        )

    [tipo_pago] => contado
    [dias_credito] => 0
)
Array
(
    [funcion] => Guardar_Venta
    [idclientes] => 1
    [nombre_cliente] => Mostrador
    [total] => 73.85
    [efectivo] => 100
    [cambio] => 26.15
    [Detalle] => Array
        (
            [0] => Array
                (
                    [cantidad] => 1
                    [codigo_barras] => 12345678907
                    [id_productos] => 23
                    [precio] => 73.85
                )

        )

    [tipo_pago] => contado
    [dias_credito] => 0
)
Array
(
    [funcion] => Guardar_Venta
    [idclientes] => 309
    [nombre_cliente] => SDASDSD ASDASDA ASDASD
    [total] => 73.85
    [efectivo] => 100
    [cambio] => 26.15
    [Detalle] => Array
        (
            [0] => Array
                (
                    [cantidad] => 1
                    [codigo_barras] => 12345678907
                    [id_productos] => 23
                    [precio] => 73.85
                )

        )

    [tipo_pago] => contado
    [dias_credito] => 0
    [idempleados] => 0
    [nombre_empleado] => SIN USUARIO
)
Array
(
    [funcion] => Guardar_Venta
    [idclientes] => 1
    [nombre_cliente] => Mostrador
    [total] => 93.89
    [efectivo] => 100
    [cambio] => 6.11
    [Detalle] => Array
        (
            [0] => Array
                (
                    [cantidad] => 1
                    [codigo_barras] => 12345678908
                    [id_productos] => 24
                    [precio] => 67.89
                )

            [1] => Array
                (
                    [cantidad] => 1
                    [codigo_barras] => 123456789011
                    [id_productos] => 27
                    [precio] => 26
                )

        )

    [tipo_pago] => contado
    [dias_credito] => 0
    [idempleados] => 0
    [nombre_empleado] => SIN USUARIO
)
Array
(
    [funcion] => Guardar_Venta
    [idclientes] => 1
    [nombre_cliente] => Mostrador
    [total] => 58.61
    [efectivo] => 100
    [cambio] => 41.39
    [Detalle] => Array
        (
            [0] => Array
                (
                    [cantidad] => 1
                    [codigo_barras] => 12345678905
                    [id_productos] => 21
                    [precio] => 58.61
                )

        )

    [tipo_pago] => contado
    [dias_credito] => 0
    [idempleados] => 0
    [nombre_empleado] => SIN USUARIO
)
Array
(
    [funcion] => Guardar_Venta
    [idclientes] => 1
    [nombre_cliente] => Mostrador
    [total] => 19.3
    [efectivo] => 100
    [cambio] => 80.7
    [Detalle] => Array
        (
            [0] => Array
                (
                    [cantidad] => 1
                    [codigo_barras] => 12345678906
                    [id_productos] => 22
                    [precio] => 19.3
                )

        )

    [tipo_pago] => contado
    [dias_credito] => 0
    [idempleados] => 0
    [nombre_empleado] => SIN USUARIO
)
Array
(
    [funcion] => Guardar_Venta
    [idclientes] => 1
    [nombre_cliente] => Mostrador
    [total] => 19.3
    [efectivo] => 100
    [cambio] => 80.7
    [Detalle] => Array
        (
            [0] => Array
                (
                    [cantidad] => 1
                    [codigo_barras] => 12345678906
                    [id_productos] => 22
                    [precio] => 19.3
                )

        )

    [tipo_pago] => contado
    [dias_credito] => 0
    [idempleados] => 0
    [nombre_empleado] => SIN USUARIO
)
Array
(
    [funcion] => Guardar_Venta
    [idclientes] => 1
    [nombre_cliente] => Mostrador
    [total] => 73.85
    [efectivo] => 100
    [cambio] => 26.15
    [Detalle] => Array
        (
            [0] => Array
                (
                    [cantidad] => 1
                    [codigo_barras] => 12345678907
                    [id_productos] => 23
                    [precio] => 73.85
                )

        )

    [tipo_pago] => contado
    [dias_credito] => 0
    [idempleados] => 0
    [nombre_empleado] => SIN USUARIO
)
Array
(
    [funcion] => Guardar_Venta
    [idclientes] => 1
    [nombre_cliente] => Mostrador
    [total] => 4.81
    [efectivo] => 10
    [cambio] => 5.19
    [Detalle] => Array
        (
            [0] => Array
                (
                    [cantidad] => 1
                    [codigo_barras] => 12345678909
                    [id_productos] => 25
                    [precio] => 4.81
                )

        )

    [tipo_pago] => contado
    [dias_credito] => 0
    [idempleados] => 0
    [nombre_empleado] => SIN USUARIO
)
Array
(
    [funcion] => Guardar_Venta
    [idclientes] => 1
    [nombre_cliente] => Mostrador
    [total] => 73.85
    [efectivo] => 100
    [cambio] => 26.15
    [Detalle] => Array
        (
            [0] => Array
                (
                    [cantidad] => 1
                    [codigo_barras] => 12345678907
                    [id_productos] => 23
                    [precio] => 73.85
                )

        )

    [tipo_pago] => contado
    [dias_credito] => 0
)
